// Jest Snapshot v1, https://goo.gl/fbAQLP

exports[`Service2 Snapshot Test 1`] = `
Object {
  "Parameters": Object {
    "AssetParameters2b3e485c730a3604666cb7c3ec8f729e208da36f4a2edb17bb6a13cd75a1775eArtifactHashEA7DD36D": Object {
      "Description": "Artifact hash for asset \\"2b3e485c730a3604666cb7c3ec8f729e208da36f4a2edb17bb6a13cd75a1775e\\"",
      "Type": "String",
    },
    "AssetParameters2b3e485c730a3604666cb7c3ec8f729e208da36f4a2edb17bb6a13cd75a1775eS3Bucket6E221E44": Object {
      "Description": "S3 bucket for asset \\"2b3e485c730a3604666cb7c3ec8f729e208da36f4a2edb17bb6a13cd75a1775e\\"",
      "Type": "String",
    },
    "AssetParameters2b3e485c730a3604666cb7c3ec8f729e208da36f4a2edb17bb6a13cd75a1775eS3VersionKey6630E4B5": Object {
      "Description": "S3 key for asset version \\"2b3e485c730a3604666cb7c3ec8f729e208da36f4a2edb17bb6a13cd75a1775e\\"",
      "Type": "String",
    },
    "AssetParameters3007ad391df3835a6ae6434dc8dc1792c235fbc903c325cf691b72d9273d1b24ArtifactHash3E611962": Object {
      "Description": "Artifact hash for asset \\"3007ad391df3835a6ae6434dc8dc1792c235fbc903c325cf691b72d9273d1b24\\"",
      "Type": "String",
    },
    "AssetParameters3007ad391df3835a6ae6434dc8dc1792c235fbc903c325cf691b72d9273d1b24S3BucketD536C705": Object {
      "Description": "S3 bucket for asset \\"3007ad391df3835a6ae6434dc8dc1792c235fbc903c325cf691b72d9273d1b24\\"",
      "Type": "String",
    },
    "AssetParameters3007ad391df3835a6ae6434dc8dc1792c235fbc903c325cf691b72d9273d1b24S3VersionKeyAF3F65B1": Object {
      "Description": "S3 key for asset version \\"3007ad391df3835a6ae6434dc8dc1792c235fbc903c325cf691b72d9273d1b24\\"",
      "Type": "String",
    },
    "AssetParameters3807ac49dfe4caad04d56639506a0efbe4a4faf66810e5653b1aae065ea191e6ArtifactHashBA9F9E9C": Object {
      "Description": "Artifact hash for asset \\"3807ac49dfe4caad04d56639506a0efbe4a4faf66810e5653b1aae065ea191e6\\"",
      "Type": "String",
    },
    "AssetParameters3807ac49dfe4caad04d56639506a0efbe4a4faf66810e5653b1aae065ea191e6S3BucketEB0E6BBD": Object {
      "Description": "S3 bucket for asset \\"3807ac49dfe4caad04d56639506a0efbe4a4faf66810e5653b1aae065ea191e6\\"",
      "Type": "String",
    },
    "AssetParameters3807ac49dfe4caad04d56639506a0efbe4a4faf66810e5653b1aae065ea191e6S3VersionKey0DD93D63": Object {
      "Description": "S3 key for asset version \\"3807ac49dfe4caad04d56639506a0efbe4a4faf66810e5653b1aae065ea191e6\\"",
      "Type": "String",
    },
  },
  "Resources": Object {
    "BaseLayer1D573D760": Object {
      "Properties": Object {
        "CompatibleRuntimes": Array [
          "nodejs12.x",
        ],
        "Content": Object {
          "S3Bucket": Object {
            "Ref": "AssetParameters3007ad391df3835a6ae6434dc8dc1792c235fbc903c325cf691b72d9273d1b24S3BucketD536C705",
          },
          "S3Key": Object {
            "Fn::Join": Array [
              "",
              Array [
                Object {
                  "Fn::Select": Array [
                    0,
                    Object {
                      "Fn::Split": Array [
                        "||",
                        Object {
                          "Ref": "AssetParameters3007ad391df3835a6ae6434dc8dc1792c235fbc903c325cf691b72d9273d1b24S3VersionKeyAF3F65B1",
                        },
                      ],
                    },
                  ],
                },
                Object {
                  "Fn::Select": Array [
                    1,
                    Object {
                      "Fn::Split": Array [
                        "||",
                        Object {
                          "Ref": "AssetParameters3007ad391df3835a6ae6434dc8dc1792c235fbc903c325cf691b72d9273d1b24S3VersionKeyAF3F65B1",
                        },
                      ],
                    },
                  ],
                },
              ],
            ],
          },
        },
        "Description": "Base Layer 1",
        "LayerName": "base-layer-1-cdk-experiment-development",
      },
      "Type": "AWS::Lambda::LayerVersion",
    },
    "BaseLayer2EEC4AED0": Object {
      "Properties": Object {
        "CompatibleRuntimes": Array [
          "nodejs12.x",
        ],
        "Content": Object {
          "S3Bucket": Object {
            "Ref": "AssetParameters3807ac49dfe4caad04d56639506a0efbe4a4faf66810e5653b1aae065ea191e6S3BucketEB0E6BBD",
          },
          "S3Key": Object {
            "Fn::Join": Array [
              "",
              Array [
                Object {
                  "Fn::Select": Array [
                    0,
                    Object {
                      "Fn::Split": Array [
                        "||",
                        Object {
                          "Ref": "AssetParameters3807ac49dfe4caad04d56639506a0efbe4a4faf66810e5653b1aae065ea191e6S3VersionKey0DD93D63",
                        },
                      ],
                    },
                  ],
                },
                Object {
                  "Fn::Select": Array [
                    1,
                    Object {
                      "Fn::Split": Array [
                        "||",
                        Object {
                          "Ref": "AssetParameters3807ac49dfe4caad04d56639506a0efbe4a4faf66810e5653b1aae065ea191e6S3VersionKey0DD93D63",
                        },
                      ],
                    },
                  ],
                },
              ],
            ],
          },
        },
        "Description": "Base Layer 2",
        "LayerName": "base-layer-2-cdk-experiment-development",
      },
      "Type": "AWS::Lambda::LayerVersion",
    },
    "HelloCdkFunction90393412": Object {
      "DependsOn": Array [
        "LambdaRoleDefaultPolicy75625A82",
        "LambdaRole3A44B857",
      ],
      "Properties": Object {
        "Code": Object {
          "S3Bucket": Object {
            "Ref": "AssetParameters2b3e485c730a3604666cb7c3ec8f729e208da36f4a2edb17bb6a13cd75a1775eS3Bucket6E221E44",
          },
          "S3Key": Object {
            "Fn::Join": Array [
              "",
              Array [
                Object {
                  "Fn::Select": Array [
                    0,
                    Object {
                      "Fn::Split": Array [
                        "||",
                        Object {
                          "Ref": "AssetParameters2b3e485c730a3604666cb7c3ec8f729e208da36f4a2edb17bb6a13cd75a1775eS3VersionKey6630E4B5",
                        },
                      ],
                    },
                  ],
                },
                Object {
                  "Fn::Select": Array [
                    1,
                    Object {
                      "Fn::Split": Array [
                        "||",
                        Object {
                          "Ref": "AssetParameters2b3e485c730a3604666cb7c3ec8f729e208da36f4a2edb17bb6a13cd75a1775eS3VersionKey6630E4B5",
                        },
                      ],
                    },
                  ],
                },
              ],
            ],
          },
        },
        "Description": "Hello CDK",
        "FunctionName": "hello-service2-development",
        "Handler": "index.handler",
        "MemorySize": 128,
        "Role": Object {
          "Fn::GetAtt": Array [
            "LambdaRole3A44B857",
            "Arn",
          ],
        },
        "Runtime": "nodejs12.x",
        "Timeout": 15,
        "TracingConfig": Object {
          "Mode": "Active",
        },
      },
      "Type": "AWS::Lambda::Function",
    },
    "HelloCdkFunctionLogGroup42EB1465": Object {
      "DeletionPolicy": "Retain",
      "Properties": Object {
        "LogGroupName": Object {
          "Fn::Join": Array [
            "",
            Array [
              "/aws/function/",
              Object {
                "Ref": "HelloCdkFunction90393412",
              },
            ],
          ],
        },
        "RetentionInDays": 1,
      },
      "Type": "AWS::Logs::LogGroup",
      "UpdateReplacePolicy": "Retain",
    },
    "LambdaRole3A44B857": Object {
      "Properties": Object {
        "AssumeRolePolicyDocument": Object {
          "Statement": Array [
            Object {
              "Action": "sts:AssumeRole",
              "Effect": "Allow",
              "Principal": Object {
                "Service": "lambda.amazonaws.com",
              },
            },
          ],
          "Version": "2012-10-17",
        },
        "Description": "Hello CDK",
        "Policies": Array [
          Object {
            "PolicyDocument": Object {
              "Statement": Array [
                Object {
                  "Action": Array [
                    "logs:CreateLogGroup",
                    "logs:CreateLogStream",
                    "logs:PutLogEvents",
                  ],
                  "Effect": "Allow",
                  "Resource": Object {
                    "Fn::Join": Array [
                      "",
                      Array [
                        "arn:aws:logs:",
                        Object {
                          "Ref": "AWS::Region",
                        },
                        ":",
                        Object {
                          "Ref": "AWS::AccountId",
                        },
                        ":*",
                      ],
                    ],
                  },
                },
              ],
              "Version": "2012-10-17",
            },
            "PolicyName": "logs",
          },
        ],
        "RoleName": "lambda-service2-development",
      },
      "Type": "AWS::IAM::Role",
    },
    "LambdaRoleDefaultPolicy75625A82": Object {
      "Properties": Object {
        "PolicyDocument": Object {
          "Statement": Array [
            Object {
              "Action": Array [
                "xray:PutTraceSegments",
                "xray:PutTelemetryRecords",
              ],
              "Effect": "Allow",
              "Resource": "*",
            },
          ],
          "Version": "2012-10-17",
        },
        "PolicyName": "LambdaRoleDefaultPolicy75625A82",
        "Roles": Array [
          Object {
            "Ref": "LambdaRole3A44B857",
          },
        ],
      },
      "Type": "AWS::IAM::Policy",
    },
  },
}
`;
