// Jest Snapshot v1, https://goo.gl/fbAQLP

exports[`Service2 Snapshot Test 1`] = `
Object {
  "Parameters": Object {
    "AssetParameters0ed4bae9f4d989a6f20b894a9ea0942c98384e85e2cb672b6e1378b5f78dd4f7ArtifactHash96A12EF2": Object {
      "Description": "Artifact hash for asset \\"0ed4bae9f4d989a6f20b894a9ea0942c98384e85e2cb672b6e1378b5f78dd4f7\\"",
      "Type": "String",
    },
    "AssetParameters0ed4bae9f4d989a6f20b894a9ea0942c98384e85e2cb672b6e1378b5f78dd4f7S3Bucket2055084E": Object {
      "Description": "S3 bucket for asset \\"0ed4bae9f4d989a6f20b894a9ea0942c98384e85e2cb672b6e1378b5f78dd4f7\\"",
      "Type": "String",
    },
    "AssetParameters0ed4bae9f4d989a6f20b894a9ea0942c98384e85e2cb672b6e1378b5f78dd4f7S3VersionKeyADA5D9EB": Object {
      "Description": "S3 key for asset version \\"0ed4bae9f4d989a6f20b894a9ea0942c98384e85e2cb672b6e1378b5f78dd4f7\\"",
      "Type": "String",
    },
    "AssetParametersdac709e3e257a634bc441a093d4db69849695358dc5a4eef4ed6e034497895ecArtifactHash128E9F61": Object {
      "Description": "Artifact hash for asset \\"dac709e3e257a634bc441a093d4db69849695358dc5a4eef4ed6e034497895ec\\"",
      "Type": "String",
    },
    "AssetParametersdac709e3e257a634bc441a093d4db69849695358dc5a4eef4ed6e034497895ecS3BucketDD8D5FA3": Object {
      "Description": "S3 bucket for asset \\"dac709e3e257a634bc441a093d4db69849695358dc5a4eef4ed6e034497895ec\\"",
      "Type": "String",
    },
    "AssetParametersdac709e3e257a634bc441a093d4db69849695358dc5a4eef4ed6e034497895ecS3VersionKey3755A5A3": Object {
      "Description": "S3 key for asset version \\"dac709e3e257a634bc441a093d4db69849695358dc5a4eef4ed6e034497895ec\\"",
      "Type": "String",
    },
  },
  "Resources": Object {
    "BaseLayer786B35E5": Object {
      "Properties": Object {
        "CompatibleRuntimes": Array [
          "nodejs12.x",
        ],
        "Content": Object {
          "S3Bucket": Object {
            "Ref": "AssetParametersdac709e3e257a634bc441a093d4db69849695358dc5a4eef4ed6e034497895ecS3BucketDD8D5FA3",
          },
          "S3Key": Object {
            "Fn::Join": Array [
              "",
              Array [
                Object {
                  "Fn::Select": Array [
                    0,
                    Object {
                      "Fn::Split": Array [
                        "||",
                        Object {
                          "Ref": "AssetParametersdac709e3e257a634bc441a093d4db69849695358dc5a4eef4ed6e034497895ecS3VersionKey3755A5A3",
                        },
                      ],
                    },
                  ],
                },
                Object {
                  "Fn::Select": Array [
                    1,
                    Object {
                      "Fn::Split": Array [
                        "||",
                        Object {
                          "Ref": "AssetParametersdac709e3e257a634bc441a093d4db69849695358dc5a4eef4ed6e034497895ecS3VersionKey3755A5A3",
                        },
                      ],
                    },
                  ],
                },
              ],
            ],
          },
        },
        "Description": "Base Layer 1",
        "LayerName": "base-layer-1-service2-development",
      },
      "Type": "AWS::Lambda::LayerVersion",
    },
    "HelloCdkFunction90393412": Object {
      "DependsOn": Array [
        "LambdaRoleDefaultPolicy75625A82",
        "LambdaRole3A44B857",
      ],
      "Properties": Object {
        "Code": Object {
          "S3Bucket": Object {
            "Ref": "AssetParameters0ed4bae9f4d989a6f20b894a9ea0942c98384e85e2cb672b6e1378b5f78dd4f7S3Bucket2055084E",
          },
          "S3Key": Object {
            "Fn::Join": Array [
              "",
              Array [
                Object {
                  "Fn::Select": Array [
                    0,
                    Object {
                      "Fn::Split": Array [
                        "||",
                        Object {
                          "Ref": "AssetParameters0ed4bae9f4d989a6f20b894a9ea0942c98384e85e2cb672b6e1378b5f78dd4f7S3VersionKeyADA5D9EB",
                        },
                      ],
                    },
                  ],
                },
                Object {
                  "Fn::Select": Array [
                    1,
                    Object {
                      "Fn::Split": Array [
                        "||",
                        Object {
                          "Ref": "AssetParameters0ed4bae9f4d989a6f20b894a9ea0942c98384e85e2cb672b6e1378b5f78dd4f7S3VersionKeyADA5D9EB",
                        },
                      ],
                    },
                  ],
                },
              ],
            ],
          },
        },
        "Description": "Hello CDK",
        "FunctionName": "hello-service2-development",
        "Handler": "index.handler",
        "MemorySize": 128,
        "Role": Object {
          "Fn::GetAtt": Array [
            "LambdaRole3A44B857",
            "Arn",
          ],
        },
        "Runtime": "nodejs12.x",
        "Timeout": 15,
        "TracingConfig": Object {
          "Mode": "Active",
        },
      },
      "Type": "AWS::Lambda::Function",
    },
    "HelloCdkFunctionLogGroup42EB1465": Object {
      "DeletionPolicy": "Retain",
      "Properties": Object {
        "LogGroupName": Object {
          "Fn::Join": Array [
            "",
            Array [
              "/aws/function/",
              Object {
                "Ref": "HelloCdkFunction90393412",
              },
            ],
          ],
        },
        "RetentionInDays": 1,
      },
      "Type": "AWS::Logs::LogGroup",
      "UpdateReplacePolicy": "Retain",
    },
    "LambdaRole3A44B857": Object {
      "Properties": Object {
        "AssumeRolePolicyDocument": Object {
          "Statement": Array [
            Object {
              "Action": "sts:AssumeRole",
              "Effect": "Allow",
              "Principal": Object {
                "Service": "function.amazonaws.com",
              },
            },
          ],
          "Version": "2012-10-17",
        },
        "Description": "Hello CDK",
        "Policies": Array [
          Object {
            "PolicyDocument": Object {
              "Statement": Array [
                Object {
                  "Action": Array [
                    "logs:CreateLogGroup",
                    "logs:CreateLogStream",
                    "logs:PutLogEvents",
                  ],
                  "Effect": "Allow",
                  "Resource": Object {
                    "Fn::Join": Array [
                      "",
                      Array [
                        "arn:aws:logs:",
                        Object {
                          "Ref": "AWS::Region",
                        },
                        ":",
                        Object {
                          "Ref": "AWS::AccountId",
                        },
                        ":*",
                      ],
                    ],
                  },
                },
              ],
              "Version": "2012-10-17",
            },
            "PolicyName": "logs",
          },
        ],
        "RoleName": "lambda-service2-development",
      },
      "Type": "AWS::IAM::Role",
    },
    "LambdaRoleDefaultPolicy75625A82": Object {
      "Properties": Object {
        "PolicyDocument": Object {
          "Statement": Array [
            Object {
              "Action": Array [
                "xray:PutTraceSegments",
                "xray:PutTelemetryRecords",
              ],
              "Effect": "Allow",
              "Resource": "*",
            },
          ],
          "Version": "2012-10-17",
        },
        "PolicyName": "LambdaRoleDefaultPolicy75625A82",
        "Roles": Array [
          Object {
            "Ref": "LambdaRole3A44B857",
          },
        ],
      },
      "Type": "AWS::IAM::Policy",
    },
  },
}
`;
